npx : FAIL src/products/prod
ucts.controller.spec.ts 
(9.129 s)
En línea: 1 Carácter: 1
+ npx jest src/products/prod
ucts.controller.spec.ts 
--no-cache > test_o ...
+ ~~~~~~~~~~~~~~~~~~~~~~~~~~
~~~~~~~~~~~~~~~~~~~~~~~~~~~~
~~~~~~~~~~~~~~~
    + CategoryInfo          
    : NotSpecified: (FAIL   
  src/produc...ec.ts (9.1   
 29 s):String) [], Remot    
eException
    + FullyQualifiedErrorId 
    : NativeCommandError
 
  ProductsController
    ├ù should be defined 
(18 ms)
    create
      ├ù should call 
productsService.create (4 
ms)
    findAll
      ├ù should call 
productsService.findAll (2 
ms)
    findOne
      ├ù should call 
productsService.findOne (2 
ms)
    update
      ├ù should call 
productsService.update (4 
ms)
    remove
      ├ù should call 
productsService.remove (2 
ms)

  ÔùÅ ProductsController 
ÔÇ║ should be defined

    Nest can't resolve 
dependencies of the 
JwtAccessTokenGuard (?). 
Please make sure that the 
argument JwtService at 
index [0] is available in 
the RootTestModule context.

    Potential solutions:
    - Is RootTestModule a 
valid NestJS module?
    - If JwtService is a 
provider, is it part of the 
current RootTestModule?
    - If JwtService is 
exported from a separate 
@Module, is that module 
imported within 
RootTestModule?
      @Module({
        imports: [ /* the 
Module containing 
JwtService */ ]
      })

    [0m [90m 18 |[39m
     [90m 19 |[39m   
beforeEach([36masync[39m 
() [33m=>[39m {
    
[31m[1m>[22m[39m[90m 
20 |[39m     
[36mconst[39m 
module[33m:[39m 
[33mTestingModule[39m 
[33m=[39m [36mawait[39m 
[33mTest[39m[33m.[39mcre
ateTestingModule({
     [90m    |[39m        
                           
[31m[1m^[22m[39m
     [90m 21 |[39m       
controllers[33m:[39m [[33
mProductsController[39m][3
3m,[39m
     [90m 22 |[39m       
providers[33m:[39m [
     [90m 23 |[39m        
 {[0m

      at TestingInjector.loo
kupComponentInParentModules 
(../node_modules/@nestjs/cor
e/injector/injector.js:255:1
9)
      at TestingInjector.res
olveComponentInstance (../no
de_modules/@nestjs/core/inje
ctor/injector.js:208:33)
      at TestingInjector.res
olveComponentInstance (../no
de_modules/@nestjs/testing/t
esting-injector.js:19:45)
      at resolveParam (../no
de_modules/@nestjs/core/inje
ctor/injector.js:129:38)
          at async 
Promise.all (index 0)
      at TestingInjector.res
olveConstructorParams (../no
de_modules/@nestjs/core/inje
ctor/injector.js:144:27)
      at TestingInjector.loa
dInstance (../node_modules/@
nestjs/core/injector/injecto
r.js:70:13)
      at TestingInjector.loa
dInjectable (../node_modules
/@nestjs/core/injector/injec
tor.js:94:9)
      at ../node_modules/@ne
stjs/core/injector/instance-
loader.js:80:13
          at async 
Promise.all (index 0)
      at TestingInstanceLoad
er.createInstancesOfInjectab
les (../node_modules/@nestjs
/core/injector/instance-load
er.js:79:9)
      at ../node_modules/@ne
stjs/core/injector/instance-
loader.js:41:13
          at async 
Promise.all (index 1)
      at TestingInstanceLoad
er.createInstances (../node_
modules/@nestjs/core/injecto
r/instance-loader.js:39:9)
      at TestingInstanceLoad
er.createInstancesOfDependen
cies (../node_modules/@nestj
s/core/injector/instance-loa
der.js:22:13)
      at TestingInstanceLoad
er.createInstancesOfDependen
cies (../node_modules/@nestj
s/testing/testing-instance-l
oader.js:9:9)
      at TestingModuleBuilde
r.createInstancesOfDependenc
ies (../node_modules/@nestjs
/testing/testing-module.buil
der.js:118:9)
      at TestingModuleBuilde
r.compile (../node_modules/@
nestjs/testing/testing-modul
e.builder.js:74:9)
      at Object.<anonymous> 
(products/products.controlle
r.spec.ts:20:35)

  ÔùÅ ProductsController 
ÔÇ║ create ÔÇ║ should call 
productsService.create

    Nest can't resolve 
dependencies of the 
JwtAccessTokenGuard (?). 
Please make sure that the 
argument JwtService at 
index [0] is available in 
the RootTestModule context.

    Potential solutions:
    - Is RootTestModule a 
valid NestJS module?
    - If JwtService is a 
provider, is it part of the 
current RootTestModule?
    - If JwtService is 
exported from a separate 
@Module, is that module 
imported within 
RootTestModule?
      @Module({
        imports: [ /* the 
Module containing 
JwtService */ ]
      })

    [0m [90m 18 |[39m
     [90m 19 |[39m   
beforeEach([36masync[39m 
() [33m=>[39m {
    
[31m[1m>[22m[39m[90m 
20 |[39m     
[36mconst[39m 
module[33m:[39m 
[33mTestingModule[39m 
[33m=[39m [36mawait[39m 
[33mTest[39m[33m.[39mcre
ateTestingModule({
     [90m    |[39m        
                           
[31m[1m^[22m[39m
     [90m 21 |[39m       
controllers[33m:[39m [[33
mProductsController[39m][3
3m,[39m
     [90m 22 |[39m       
providers[33m:[39m [
     [90m 23 |[39m        
 {[0m

      at TestingInjector.loo
kupComponentInParentModules 
(../node_modules/@nestjs/cor
e/injector/injector.js:255:1
9)
      at TestingInjector.res
olveComponentInstance (../no
de_modules/@nestjs/core/inje
ctor/injector.js:208:33)
      at TestingInjector.res
olveComponentInstance (../no
de_modules/@nestjs/testing/t
esting-injector.js:19:45)
      at resolveParam (../no
de_modules/@nestjs/core/inje
ctor/injector.js:129:38)
          at async 
Promise.all (index 0)
      at TestingInjector.res
olveConstructorParams (../no
de_modules/@nestjs/core/inje
ctor/injector.js:144:27)
      at TestingInjector.loa
dInstance (../node_modules/@
nestjs/core/injector/injecto
r.js:70:13)
      at TestingInjector.loa
dInjectable (../node_modules
/@nestjs/core/injector/injec
tor.js:94:9)
      at ../node_modules/@ne
stjs/core/injector/instance-
loader.js:80:13
          at async 
Promise.all (index 0)
      at TestingInstanceLoad
er.createInstancesOfInjectab
les (../node_modules/@nestjs
/core/injector/instance-load
er.js:79:9)
      at ../node_modules/@ne
stjs/core/injector/instance-
loader.js:41:13
          at async 
Promise.all (index 1)
      at TestingInstanceLoad
er.createInstances (../node_
modules/@nestjs/core/injecto
r/instance-loader.js:39:9)
      at TestingInstanceLoad
er.createInstancesOfDependen
cies (../node_modules/@nestj
s/core/injector/instance-loa
der.js:22:13)
      at TestingInstanceLoad
er.createInstancesOfDependen
cies (../node_modules/@nestj
s/testing/testing-instance-l
oader.js:9:9)
      at TestingModuleBuilde
r.createInstancesOfDependenc
ies (../node_modules/@nestjs
/testing/testing-module.buil
der.js:118:9)
      at TestingModuleBuilde
r.compile (../node_modules/@
nestjs/testing/testing-modul
e.builder.js:74:9)
      at Object.<anonymous> 
(products/products.controlle
r.spec.ts:20:35)

  ÔùÅ ProductsController 
ÔÇ║ findAll ÔÇ║ should call 
productsService.findAll

    Nest can't resolve 
dependencies of the 
JwtAccessTokenGuard (?). 
Please make sure that the 
argument JwtService at 
index [0] is available in 
the RootTestModule context.

    Potential solutions:
    - Is RootTestModule a 
valid NestJS module?
    - If JwtService is a 
provider, is it part of the 
current RootTestModule?
    - If JwtService is 
exported from a separate 
@Module, is that module 
imported within 
RootTestModule?
      @Module({
        imports: [ /* the 
Module containing 
JwtService */ ]
      })

    [0m [90m 18 |[39m
     [90m 19 |[39m   
beforeEach([36masync[39m 
() [33m=>[39m {
    
[31m[1m>[22m[39m[90m 
20 |[39m     
[36mconst[39m 
module[33m:[39m 
[33mTestingModule[39m 
[33m=[39m [36mawait[39m 
[33mTest[39m[33m.[39mcre
ateTestingModule({
     [90m    |[39m        
                           
[31m[1m^[22m[39m
     [90m 21 |[39m       
controllers[33m:[39m [[33
mProductsController[39m][3
3m,[39m
     [90m 22 |[39m       
providers[33m:[39m [
     [90m 23 |[39m        
 {[0m

      at TestingInjector.loo
kupComponentInParentModules 
(../node_modules/@nestjs/cor
e/injector/injector.js:255:1
9)
      at TestingInjector.res
olveComponentInstance (../no
de_modules/@nestjs/core/inje
ctor/injector.js:208:33)
      at TestingInjector.res
olveComponentInstance (../no
de_modules/@nestjs/testing/t
esting-injector.js:19:45)
      at resolveParam (../no
de_modules/@nestjs/core/inje
ctor/injector.js:129:38)
          at async 
Promise.all (index 0)
      at TestingInjector.res
olveConstructorParams (../no
de_modules/@nestjs/core/inje
ctor/injector.js:144:27)
      at TestingInjector.loa
dInstance (../node_modules/@
nestjs/core/injector/injecto
r.js:70:13)
      at TestingInjector.loa
dInjectable (../node_modules
/@nestjs/core/injector/injec
tor.js:94:9)
      at ../node_modules/@ne
stjs/core/injector/instance-
loader.js:80:13
          at async 
Promise.all (index 0)
      at TestingInstanceLoad
er.createInstancesOfInjectab
les (../node_modules/@nestjs
/core/injector/instance-load
er.js:79:9)
      at ../node_modules/@ne
stjs/core/injector/instance-
loader.js:41:13
          at async 
Promise.all (index 1)
      at TestingInstanceLoad
er.createInstances (../node_
modules/@nestjs/core/injecto
r/instance-loader.js:39:9)
      at TestingInstanceLoad
er.createInstancesOfDependen
cies (../node_modules/@nestj
s/core/injector/instance-loa
der.js:22:13)
      at TestingInstanceLoad
er.createInstancesOfDependen
cies (../node_modules/@nestj
s/testing/testing-instance-l
oader.js:9:9)
      at TestingModuleBuilde
r.createInstancesOfDependenc
ies (../node_modules/@nestjs
/testing/testing-module.buil
der.js:118:9)
      at TestingModuleBuilde
r.compile (../node_modules/@
nestjs/testing/testing-modul
e.builder.js:74:9)
      at Object.<anonymous> 
(products/products.controlle
r.spec.ts:20:35)

  ÔùÅ ProductsController 
ÔÇ║ findOne ÔÇ║ should call 
productsService.findOne

    Nest can't resolve 
dependencies of the 
JwtAccessTokenGuard (?). 
Please make sure that the 
argument JwtService at 
index [0] is available in 
the RootTestModule context.

    Potential solutions:
    - Is RootTestModule a 
valid NestJS module?
    - If JwtService is a 
provider, is it part of the 
current RootTestModule?
    - If JwtService is 
exported from a separate 
@Module, is that module 
imported within 
RootTestModule?
      @Module({
        imports: [ /* the 
Module containing 
JwtService */ ]
      })

    [0m [90m 18 |[39m
     [90m 19 |[39m   
beforeEach([36masync[39m 
() [33m=>[39m {
    
[31m[1m>[22m[39m[90m 
20 |[39m     
[36mconst[39m 
module[33m:[39m 
[33mTestingModule[39m 
[33m=[39m [36mawait[39m 
[33mTest[39m[33m.[39mcre
ateTestingModule({
     [90m    |[39m        
                           
[31m[1m^[22m[39m
     [90m 21 |[39m       
controllers[33m:[39m [[33
mProductsController[39m][3
3m,[39m
     [90m 22 |[39m       
providers[33m:[39m [
     [90m 23 |[39m        
 {[0m

      at TestingInjector.loo
kupComponentInParentModules 
(../node_modules/@nestjs/cor
e/injector/injector.js:255:1
9)
      at TestingInjector.res
olveComponentInstance (../no
de_modules/@nestjs/core/inje
ctor/injector.js:208:33)
      at TestingInjector.res
olveComponentInstance (../no
de_modules/@nestjs/testing/t
esting-injector.js:19:45)
      at resolveParam (../no
de_modules/@nestjs/core/inje
ctor/injector.js:129:38)
          at async 
Promise.all (index 0)
      at TestingInjector.res
olveConstructorParams (../no
de_modules/@nestjs/core/inje
ctor/injector.js:144:27)
      at TestingInjector.loa
dInstance (../node_modules/@
nestjs/core/injector/injecto
r.js:70:13)
      at TestingInjector.loa
dInjectable (../node_modules
/@nestjs/core/injector/injec
tor.js:94:9)
      at ../node_modules/@ne
stjs/core/injector/instance-
loader.js:80:13
          at async 
Promise.all (index 0)
      at TestingInstanceLoad
er.createInstancesOfInjectab
les (../node_modules/@nestjs
/core/injector/instance-load
er.js:79:9)
      at ../node_modules/@ne
stjs/core/injector/instance-
loader.js:41:13
          at async 
Promise.all (index 1)
      at TestingInstanceLoad
er.createInstances (../node_
modules/@nestjs/core/injecto
r/instance-loader.js:39:9)
      at TestingInstanceLoad
er.createInstancesOfDependen
cies (../node_modules/@nestj
s/core/injector/instance-loa
der.js:22:13)
      at TestingInstanceLoad
er.createInstancesOfDependen
cies (../node_modules/@nestj
s/testing/testing-instance-l
oader.js:9:9)
      at TestingModuleBuilde
r.createInstancesOfDependenc
ies (../node_modules/@nestjs
/testing/testing-module.buil
der.js:118:9)
      at TestingModuleBuilde
r.compile (../node_modules/@
nestjs/testing/testing-modul
e.builder.js:74:9)
      at Object.<anonymous> 
(products/products.controlle
r.spec.ts:20:35)

  ÔùÅ ProductsController 
ÔÇ║ update ÔÇ║ should call 
productsService.update

    Nest can't resolve 
dependencies of the 
JwtAccessTokenGuard (?). 
Please make sure that the 
argument JwtService at 
index [0] is available in 
the RootTestModule context.

    Potential solutions:
    - Is RootTestModule a 
valid NestJS module?
    - If JwtService is a 
provider, is it part of the 
current RootTestModule?
    - If JwtService is 
exported from a separate 
@Module, is that module 
imported within 
RootTestModule?
      @Module({
        imports: [ /* the 
Module containing 
JwtService */ ]
      })

    [0m [90m 18 |[39m
     [90m 19 |[39m   
beforeEach([36masync[39m 
() [33m=>[39m {
    
[31m[1m>[22m[39m[90m 
20 |[39m     
[36mconst[39m 
module[33m:[39m 
[33mTestingModule[39m 
[33m=[39m [36mawait[39m 
[33mTest[39m[33m.[39mcre
ateTestingModule({
     [90m    |[39m        
                           
[31m[1m^[22m[39m
     [90m 21 |[39m       
controllers[33m:[39m [[33
mProductsController[39m][3
3m,[39m
     [90m 22 |[39m       
providers[33m:[39m [
     [90m 23 |[39m        
 {[0m

      at TestingInjector.loo
kupComponentInParentModules 
(../node_modules/@nestjs/cor
e/injector/injector.js:255:1
9)
      at TestingInjector.res
olveComponentInstance (../no
de_modules/@nestjs/core/inje
ctor/injector.js:208:33)
      at TestingInjector.res
olveComponentInstance (../no
de_modules/@nestjs/testing/t
esting-injector.js:19:45)
      at resolveParam (../no
de_modules/@nestjs/core/inje
ctor/injector.js:129:38)
          at async 
Promise.all (index 0)
      at TestingInjector.res
olveConstructorParams (../no
de_modules/@nestjs/core/inje
ctor/injector.js:144:27)
      at TestingInjector.loa
dInstance (../node_modules/@
nestjs/core/injector/injecto
r.js:70:13)
      at TestingInjector.loa
dInjectable (../node_modules
/@nestjs/core/injector/injec
tor.js:94:9)
      at ../node_modules/@ne
stjs/core/injector/instance-
loader.js:80:13
          at async 
Promise.all (index 0)
      at TestingInstanceLoad
er.createInstancesOfInjectab
les (../node_modules/@nestjs
/core/injector/instance-load
er.js:79:9)
      at ../node_modules/@ne
stjs/core/injector/instance-
loader.js:41:13
          at async 
Promise.all (index 1)
      at TestingInstanceLoad
er.createInstances (../node_
modules/@nestjs/core/injecto
r/instance-loader.js:39:9)
      at TestingInstanceLoad
er.createInstancesOfDependen
cies (../node_modules/@nestj
s/core/injector/instance-loa
der.js:22:13)
      at TestingInstanceLoad
er.createInstancesOfDependen
cies (../node_modules/@nestj
s/testing/testing-instance-l
oader.js:9:9)
      at TestingModuleBuilde
r.createInstancesOfDependenc
ies (../node_modules/@nestjs
/testing/testing-module.buil
der.js:118:9)
      at TestingModuleBuilde
r.compile (../node_modules/@
nestjs/testing/testing-modul
e.builder.js:74:9)
      at Object.<anonymous> 
(products/products.controlle
r.spec.ts:20:35)

  ÔùÅ ProductsController 
ÔÇ║ remove ÔÇ║ should call 
productsService.remove

    Nest can't resolve 
dependencies of the 
JwtAccessTokenGuard (?). 
Please make sure that the 
argument JwtService at 
index [0] is available in 
the RootTestModule context.

    Potential solutions:
    - Is RootTestModule a 
valid NestJS module?
    - If JwtService is a 
provider, is it part of the 
current RootTestModule?
    - If JwtService is 
exported from a separate 
@Module, is that module 
imported within 
RootTestModule?
      @Module({
        imports: [ /* the 
Module containing 
JwtService */ ]
      })

    [0m [90m 18 |[39m
     [90m 19 |[39m   
beforeEach([36masync[39m 
() [33m=>[39m {
    
[31m[1m>[22m[39m[90m 
20 |[39m     
[36mconst[39m 
module[33m:[39m 
[33mTestingModule[39m 
[33m=[39m [36mawait[39m 
[33mTest[39m[33m.[39mcre
ateTestingModule({
     [90m    |[39m        
                           
[31m[1m^[22m[39m
     [90m 21 |[39m       
controllers[33m:[39m [[33
mProductsController[39m][3
3m,[39m
     [90m 22 |[39m       
providers[33m:[39m [
     [90m 23 |[39m        
 {[0m

      at TestingInjector.loo
kupComponentInParentModules 
(../node_modules/@nestjs/cor
e/injector/injector.js:255:1
9)
      at TestingInjector.res
olveComponentInstance (../no
de_modules/@nestjs/core/inje
ctor/injector.js:208:33)
      at TestingInjector.res
olveComponentInstance (../no
de_modules/@nestjs/testing/t
esting-injector.js:19:45)
      at resolveParam (../no
de_modules/@nestjs/core/inje
ctor/injector.js:129:38)
          at async 
Promise.all (index 0)
      at TestingInjector.res
olveConstructorParams (../no
de_modules/@nestjs/core/inje
ctor/injector.js:144:27)
      at TestingInjector.loa
dInstance (../node_modules/@
nestjs/core/injector/injecto
r.js:70:13)
      at TestingInjector.loa
dInjectable (../node_modules
/@nestjs/core/injector/injec
tor.js:94:9)
      at ../node_modules/@ne
stjs/core/injector/instance-
loader.js:80:13
          at async 
Promise.all (index 0)
      at TestingInstanceLoad
er.createInstancesOfInjectab
les (../node_modules/@nestjs
/core/injector/instance-load
er.js:79:9)
      at ../node_modules/@ne
stjs/core/injector/instance-
loader.js:41:13
          at async 
Promise.all (index 1)
      at TestingInstanceLoad
er.createInstances (../node_
modules/@nestjs/core/injecto
r/instance-loader.js:39:9)
      at TestingInstanceLoad
er.createInstancesOfDependen
cies (../node_modules/@nestj
s/core/injector/instance-loa
der.js:22:13)
      at TestingInstanceLoad
er.createInstancesOfDependen
cies (../node_modules/@nestj
s/testing/testing-instance-l
oader.js:9:9)
      at TestingModuleBuilde
r.createInstancesOfDependenc
ies (../node_modules/@nestjs
/testing/testing-module.buil
der.js:118:9)
      at TestingModuleBuilde
r.compile (../node_modules/@
nestjs/testing/testing-modul
e.builder.js:74:9)
      at Object.<anonymous> 
(products/products.controlle
r.spec.ts:20:35)

Test Suites: 1 failed, 1 
total
Tests:       6 failed, 6 
total
Snapshots:   0 total
Time:        9.825 s
Ran all test suites 
matching /src\\products\\pro
ducts.controller.spec.ts/i.
